// Jest Snapshot v1, https://goo.gl/fbAQLP

exports[`ForecastChart should match snapshot 1`] = `
<body>
  <div>
    <div
      data-testid="forecast-chart"
      style="width: 100%; max-width: 1100px; height: 340px; margin: 32px auto 0px auto; padding: 32px; background: rgb(255, 255, 255); border-radius: 1rem; box-shadow: 0 2px 12px rgba(0,0,0,0.07);"
    >
      <div
        class="recharts-responsive-container"
        style="width: 100%; height: 100%; min-width: 0;"
      />
    </div>
  </div>
</body>
`;
